Archive member included because of file (symbol)

/usr/lib/gcc/arm-none-eabi/4.9.3/libgcc.a(_udivsi3.o)
                              binaries/qsort.o (__aeabi_uidiv)
/usr/lib/gcc/arm-none-eabi/4.9.3/libgcc.a(_divsi3.o)
                              binaries/xsh_help.o (__aeabi_idiv)
/usr/lib/gcc/arm-none-eabi/4.9.3/libgcc.a(_dvmd_tls.o)
                              /usr/lib/gcc/arm-none-eabi/4.9.3/libgcc.a(_udivsi3.o) (__aeabi_idiv0)

Allocating common symbols
Common symbol       size              file

netbufpool          0x4               binaries/net.o
readylist           0x2               binaries/ready.o
rfltab              0x5a0             binaries/rflinit.o
sleepq              0x2               binaries/clkinit.o
n                   0x4               binaries/xsh_prodcons.o
intc_vector         0x200             binaries/evec.o
nnames              0x4               binaries/naminit.o
udptab              0x168             binaries/udp.o
minheap             0x4               binaries/meminit.o
marks               0x50              binaries/mark.o
currpid             0x4               binaries/initialize.o
Lf_data             0x20c             binaries/lfsinit.o
porttab             0x2d0             binaries/ptinit.o
ttytab              0x10c             binaries/ttyinit.o
proctab             0x15e0            binaries/initialize.o
eth_a_regs          0x1c              binaries/ethinit.o
prcount             0x4               binaries/initialize.o
lfltab              0xf00             binaries/lflinit.o
rdstab              0x8c              binaries/rdsinit.o
ethertab            0x138             binaries/ethinit.o
nsaddr              0x4               binaries/dns.o
NetData             0xa8              binaries/net.o
nmarks              0x4               binaries/mark.o
Defer               0x8               binaries/resched.o
semtab              0x4b0             binaries/initialize.o
maxheap             0x4               binaries/meminit.o
preempt             0x4               binaries/clkinit.o
buftab              0xf0              binaries/bufinit.o
Rf_data             0x18              binaries/rfsinit.o
mkmutex             0x4               binaries/mark.o
clktime             0x4               binaries/clkinit.o
cpudelay            0x4               binaries/main.o
arpcache            0x180             binaries/arp.o
icmptab             0x230             binaries/icmp.o
nbpools             0x4               binaries/bufinit.o
queuetab            0x980             binaries/queue.o
ptnextid            0x4               binaries/ptinit.o
Ram                 0x19000           binaries/raminit.o
ipoqueue            0x2c              binaries/ip.o
consumed            0x4               binaries/xsh_prodcons.o
memlist             0x8               binaries/initialize.o
produced            0x4               binaries/xsh_prodcons.o
nametab             0x19a0            binaries/naminit.o
ptfree              0x4               binaries/ptinit.o

Memory Configuration

Name             Origin             Length             Attributes
*default*        0x0000000000000000 0xffffffffffffffff

Linker script and memory map

                0x0000000081000000                physbase = 0x81000000
                0x0000000081000000                . = physbase
                0x0000000081000000                . = ALIGN (0x1000)

.text           0x0000000081000000    0x17000
                0x0000000081000000                text = ABSOLUTE (.)
 *(.text .text.*)
 .text          0x0000000081000000       0x4c binaries/start.o
                0x0000000081000000                start
 .text          0x000000008100004c      0x370 binaries/ascdate.o
                0x000000008100004c                ascdate
 .text          0x00000000810003bc       0x18 binaries/bufinit.o
                0x00000000810003bc                bufinit
 .text          0x00000000810003d4       0x70 binaries/chprio.o
                0x00000000810003d4                chprio
 .text          0x0000000081000444       0xf0 binaries/clkhandler.o
                0x0000000081000444                clkhandler
 .text          0x0000000081000534       0xd4 binaries/clkinit.o
                0x0000000081000534                clkinit
 .text          0x0000000081000608       0x5c binaries/close.o
                0x0000000081000608                close
 .text          0x0000000081000664        0x0 binaries/conf.o
 .text          0x0000000081000664       0x70 binaries/control.o
                0x0000000081000664                control
 .text          0x00000000810006d4      0x2c0 binaries/create.o
                0x00000000810006d4                create
 .text          0x0000000081000994       0xb0 binaries/evec.o
                0x0000000081000994                initintc
                0x00000000810009c0                set_evec
                0x0000000081000a00                irq_dispatch
 .text          0x0000000081000a44       0x10 binaries/exit.o
                0x0000000081000a44                exit
 .text          0x0000000081000a54       0x84 binaries/freebuf.o
                0x0000000081000a54                freebuf
 .text          0x0000000081000ad8       0x58 binaries/freemem.o
                0x0000000081000ad8                freemem
 .text          0x0000000081000b30       0x38 binaries/future_alloc.o
                0x0000000081000b30                future_alloc
 .text          0x0000000081000b68       0x94 binaries/future_free.o
                0x0000000081000b68                future_free
 .text          0x0000000081000bfc      0x214 binaries/future_get.o
                0x0000000081000bfc                future_get
 .text          0x0000000081000e10      0x1b4 binaries/future_set.o
                0x0000000081000e10                future_set
 .text          0x0000000081000fc4       0x7c binaries/getbuf.o
                0x0000000081000fc4                getbuf
 .text          0x0000000081001040       0x5c binaries/getc.o
                0x0000000081001040                getc
 .text          0x000000008100109c       0x68 binaries/getdev.o
                0x000000008100109c                getdev
 .text          0x0000000081001104       0xa0 binaries/getitem.o
                0x0000000081001104                getitem
                0x0000000081001134                getfirst
                0x0000000081001168                getlast
 .text          0x00000000810011a4      0x108 binaries/getmem.o
                0x00000000810011a4                getmem
 .text          0x00000000810012ac       0x10 binaries/getpid.o
                0x00000000810012ac                getpid
 .text          0x00000000810012bc       0x5c binaries/getprio.o
                0x00000000810012bc                getprio
 .text          0x0000000081001318       0xd0 binaries/getstk.o
                0x0000000081001318                getstk
 .text          0x00000000810013e8       0x38 binaries/gettime.o
                0x00000000810013e8                gettime
 .text          0x0000000081001420      0x1c8 binaries/getutime.o
                0x0000000081001420                getutime
 .text          0x00000000810015e8       0x5c binaries/init.o
                0x00000000810015e8                init
 .text          0x0000000081001644      0x2f8 binaries/initialize.o
                0x0000000081001644                nulluser
                0x00000000810018dc                stop
                0x0000000081001900                delay
 .text          0x000000008100193c       0xc0 binaries/insert.o
                0x000000008100193c                insert
 .text          0x00000000810019fc      0x12c binaries/insertd.o
                0x00000000810019fc                insertd
 .text          0x0000000081001b28        0x8 binaries/ioerr.o
                0x0000000081001b28                ioerr
 .text          0x0000000081001b30        0x8 binaries/ionull.o
                0x0000000081001b30                ionull
 .text          0x0000000081001b38      0x190 binaries/kill.o
                0x0000000081001b38                kill
 .text          0x0000000081001cc8       0xb4 binaries/kprintf.o
                0x0000000081001cc8                kputc
                0x0000000081001d08                kgetc
                0x0000000081001d3c                kprintf
 .text          0x0000000081001d7c      0x118 binaries/main.o
                0x0000000081001d7c                counterproc
                0x0000000081001db8                main
 .text          0x0000000081001e94       0xd0 binaries/mark.o
                0x0000000081001e94                markinit
                0x0000000081001ec0                mark
 .text          0x0000000081001f64       0x44 binaries/meminit.o
                0x0000000081001f64                meminit
 .text          0x0000000081001fa8      0x138 binaries/mkbufpool.o
                0x0000000081001fa8                mkbufpool
 .text          0x00000000810020e0       0x88 binaries/newqueue.o
                0x00000000810020e0                newqueue
 .text          0x0000000081002168       0x68 binaries/open.o
                0x0000000081002168                open
 .text          0x00000000810021d0       0x20 binaries/panic.o
                0x00000000810021d0                panic
 .text          0x00000000810021f0       0x48 binaries/platinit.o
                0x00000000810021f0                platinit
 .text          0x0000000081002238       0xa8 binaries/ptclear.o
                0x0000000081002238                _ptclear
 .text          0x00000000810022e0       0x90 binaries/ptcount.o
                0x00000000810022e0                ptcount
 .text          0x0000000081002370      0x100 binaries/ptcreate.o
                0x0000000081002370                ptcreate
 .text          0x0000000081002470       0x70 binaries/ptdelete.o
                0x0000000081002470                ptdelete
 .text          0x00000000810024e0       0xbc binaries/ptinit.o
                0x00000000810024e0                ptinit
 .text          0x000000008100259c      0x144 binaries/ptrecv.o
                0x000000008100259c                ptrecv
 .text          0x00000000810026e0       0x6c binaries/ptreset.o
                0x00000000810026e0                ptreset
 .text          0x000000008100274c      0x15c binaries/ptsend.o
                0x000000008100274c                ptsend
 .text          0x00000000810028a8       0x64 binaries/putc.o
                0x00000000810028a8                putc
 .text          0x000000008100290c       0xe0 binaries/queue.o
                0x000000008100290c                enqueue
                0x0000000081002990                dequeue
 .text          0x00000000810029ec       0x68 binaries/read.o
                0x00000000810029ec                read
 .text          0x0000000081002a54       0x74 binaries/ready.o
                0x0000000081002a54                ready
 .text          0x0000000081002ac8       0x84 binaries/receive.o
                0x0000000081002ac8                receive
 .text          0x0000000081002b4c       0x64 binaries/recvclr.o
                0x0000000081002b4c                recvclr
 .text          0x0000000081002bb0       0xe0 binaries/recvtime.o
                0x0000000081002bb0                recvtime
 .text          0x0000000081002c90      0x1d0 binaries/resched.o
                0x0000000081002c90                resched
                0x0000000081002dac                resched_cntl
 .text          0x0000000081002e60       0x88 binaries/resume.o
                0x0000000081002e60                resume
 .text          0x0000000081002ee8       0x64 binaries/seek.o
                0x0000000081002ee8                seek
 .text          0x0000000081002f4c       0x58 binaries/semcount.o
                0x0000000081002f4c                semcount
 .text          0x0000000081002fa4       0xb8 binaries/semcreate.o
                0x0000000081002fa4                semcreate
 .text          0x000000008100305c       0xc8 binaries/semdelete.o
                0x000000008100305c                semdelete
 .text          0x0000000081003124       0xb4 binaries/semreset.o
                0x0000000081003124                semreset
 .text          0x00000000810031d8       0xc8 binaries/send.o
                0x00000000810031d8                send
 .text          0x00000000810032a0       0x98 binaries/signal.o
                0x00000000810032a0                signal
 .text          0x0000000081003338       0xb8 binaries/signaln.o
                0x0000000081003338                signaln
 .text          0x00000000810033f0       0xd4 binaries/sleep.o
                0x00000000810033f0                sleepms
                0x0000000081003490                sleep
 .text          0x00000000810034c4       0xd0 binaries/suspend.o
                0x00000000810034c4                suspend
 .text          0x0000000081003594       0xa4 binaries/unsleep.o
                0x0000000081003594                unsleep
 .text          0x0000000081003638       0x10 binaries/userret.o
                0x0000000081003638                userret
 .text          0x0000000081003648       0xc4 binaries/wait.o
                0x0000000081003648                wait
 .text          0x000000008100370c       0x90 binaries/wakeup.o
                0x000000008100370c                wakeup
 .text          0x000000008100379c       0x68 binaries/write.o
                0x000000008100379c                write
 .text          0x0000000081003804       0x18 binaries/xdone.o
                0x0000000081003804                xdone
 .text          0x000000008100381c       0x20 binaries/yield.o
                0x000000008100381c                yield
 .text          0x000000008100383c        0xc binaries/abs.o
                0x000000008100383c                abs
 .text          0x0000000081003848      0x130 binaries/atoi.o
                0x0000000081003848                atoi
 .text          0x0000000081003978      0x130 binaries/atol.o
                0x0000000081003978                atol
 .text          0x0000000081003aa8       0x20 binaries/bzero.o
                0x0000000081003aa8                bzero
 .text          0x0000000081003ac8        0x0 binaries/ctype_.o
 .text          0x0000000081003ac8      0x968 binaries/doprnt.o
                0x0000000081003cb8                _doprnt
 .text          0x0000000081004430      0x728 binaries/doscan.o
                0x0000000081004430                _doscan
 .text          0x0000000081004b58      0x8c0 binaries/fdoprnt.o
                0x0000000081004c08                _fdoprnt
 .text          0x0000000081005418       0x14 binaries/fgetc.o
                0x0000000081005418                fgetc
 .text          0x000000008100542c       0x84 binaries/fgets.o
                0x000000008100542c                fgets
 .text          0x00000000810054b0       0x3c binaries/fprintf.o
                0x00000000810054b0                fprintf
 .text          0x00000000810054ec       0x24 binaries/fputc.o
                0x00000000810054ec                fputc
 .text          0x0000000081005510       0x38 binaries/fputs.o
                0x0000000081005510                fputs
 .text          0x0000000081005548       0x78 binaries/fscanf.o
                0x000000008100557c                fscanf
 .text          0x00000000810055c0       0x2c binaries/getchar.o
                0x00000000810055c0                getchar
 .text          0x00000000810055ec        0xc binaries/labs.o
                0x00000000810055ec                labs
 .text          0x00000000810055f8       0x40 binaries/memchr.o
                0x00000000810055f8                memchr
 .text          0x0000000081005638       0x58 binaries/memcmp.o
                0x0000000081005638                memcmp
 .text          0x0000000081005690       0x24 binaries/memcpy.o
                0x0000000081005690                memcpy
 .text          0x00000000810056b4       0x20 binaries/memset.o
                0x00000000810056b4                memset
 .text          0x00000000810056d4       0x58 binaries/printf.o
                0x00000000810056d4                printf
 .text          0x000000008100572c       0x2c binaries/putchar.o
                0x000000008100572c                putchar
 .text          0x0000000081005758      0x238 binaries/qsort.o
                0x0000000081005970                qsort
 .text          0x0000000081005990       0x38 binaries/rand.o
                0x0000000081005990                srand
                0x00000000810059a0                rand
 .text          0x00000000810059c8       0x68 binaries/sprintf.o
                0x00000000810059e0                sprintf
 .text          0x0000000081005a30       0x78 binaries/sscanf.o
                0x0000000081005a64                sscanf
 .text          0x0000000081005aa8       0x40 binaries/strchr.o
                0x0000000081005aa8                strchr
 .text          0x0000000081005ae8       0x54 binaries/strcmp.o
                0x0000000081005ae8                strcmp
 .text          0x0000000081005b3c       0x1c binaries/strcpy.o
                0x0000000081005b3c                strcpy
 .text          0x0000000081005b58       0x30 binaries/strlen.o
                0x0000000081005b58                strlen
 .text          0x0000000081005b88       0x50 binaries/strncat.o
                0x0000000081005b88                strncat
 .text          0x0000000081005bd8       0x50 binaries/strncmp.o
                0x0000000081005bd8                strncmp
 .text          0x0000000081005c28       0x80 binaries/strncpy.o
                0x0000000081005c28                strncpy
 .text          0x0000000081005ca8       0x50 binaries/strnlen.o
                0x0000000081005ca8                strnlen
 .text          0x0000000081005cf8       0x40 binaries/strrchr.o
                0x0000000081005cf8                strrchr
 .text          0x0000000081005d38       0xb0 binaries/strstr.o
                0x0000000081005d38                strstr
 .text          0x0000000081005de8      0x154 binaries/ttycontrol.o
                0x0000000081005de8                ttycontrol
 .text          0x0000000081005f3c       0xc8 binaries/ttygetc.o
                0x0000000081005f3c                ttygetc
 .text          0x0000000081006004      0x4d4 binaries/ttyhandle_in.o
                0x00000000810060d0                ttyhandle_in
 .text          0x00000000810064d8      0x16c binaries/ttyhandle_out.o
                0x00000000810064d8                ttyhandle_out
 .text          0x0000000081006644       0xcc binaries/ttyhandler.o
                0x0000000081006644                ttyhandler
 .text          0x0000000081006710      0x144 binaries/ttyinit.o
                0x0000000081006710                ttyinit
 .text          0x0000000081006854        0xc binaries/ttykickout.o
                0x0000000081006854                ttykickout
 .text          0x0000000081006860       0x9c binaries/ttyputc.o
                0x0000000081006860                ttyputc
 .text          0x00000000810068fc      0x134 binaries/ttyread.o
                0x00000000810068fc                ttyread
 .text          0x0000000081006a30       0x48 binaries/ttywrite.o
                0x0000000081006a30                ttywrite
 .text          0x0000000081006a78      0x160 binaries/mount.o
                0x0000000081006a78                namlen
                0x0000000081006ad0                mount
 .text          0x0000000081006bd8      0x1c0 binaries/naminit.o
                0x0000000081006bd8                naminit
 .text          0x0000000081006d98      0x24c binaries/nammap.o
                0x0000000081006d98                namrepl
                0x0000000081006ee8                namcpy
                0x0000000081006f44                nammap
 .text          0x0000000081006fe4       0x40 binaries/namopen.o
                0x0000000081006fe4                namopen
 .text          0x0000000081007024      0x108 binaries/colon2mac.o
                0x0000000081007024                colon2mac
 .text          0x000000008100712c       0x44 binaries/ethcontrol.o
                0x000000008100712c                ethcontrol
 .text          0x0000000081007170      0x178 binaries/ethhandler.o
                0x0000000081007170                ethhandler
 .text          0x00000000810072e8      0x7f8 binaries/ethinit.o
                0x00000000810072e8                eth_phy_read
                0x000000008100734c                eth_phy_write
                0x0000000081007394                eth_phy_reset
                0x00000000810074f4                ethinit
 .text          0x0000000081007ae0       0xf8 binaries/ethread.o
                0x0000000081007ae0                ethread
 .text          0x0000000081007bd8      0x120 binaries/ethwrite.o
                0x0000000081007bd8                ethwrite
 .text          0x0000000081007cf8       0x88 binaries/rdsbufalloc.o
                0x0000000081007cf8                rdsbufalloc
 .text          0x0000000081007d80       0xe8 binaries/rdsclose.o
                0x0000000081007d80                rdsclose
 .text          0x0000000081007e68      0x1e8 binaries/rdscomm.o
                0x0000000081007e68                rdscomm
 .text          0x0000000081008050      0x1b0 binaries/rdscontrol.o
                0x0000000081008050                rdscontrol
 .text          0x0000000081008200      0x1e0 binaries/rdsinit.o
                0x0000000081008200                rdsinit
 .text          0x00000000810083e0      0x1a0 binaries/rdsopen.o
                0x00000000810083e0                rdsopen
 .text          0x0000000081008580      0x2d4 binaries/rdsprocess.o
                0x0000000081008580                rdsprocess
 .text          0x0000000081008854      0x240 binaries/rdsread.o
                0x0000000081008854                rdsread
 .text          0x0000000081008a94      0x1d0 binaries/rdswrite.o
                0x0000000081008a94                rdswrite
 .text          0x0000000081008c64        0x8 binaries/ramclose.o
                0x0000000081008c64                ramclose
 .text          0x0000000081008c6c       0x3c binaries/raminit.o
                0x0000000081008c6c                raminit
 .text          0x0000000081008ca8        0x8 binaries/ramopen.o
                0x0000000081008ca8                ramopen
 .text          0x0000000081008cb0       0x24 binaries/ramread.o
                0x0000000081008cb0                ramread
 .text          0x0000000081008cd4       0x20 binaries/ramwrite.o
                0x0000000081008cd4                ramwrite
 .text          0x0000000081008cf4       0x94 binaries/lfdballoc.o
                0x0000000081008cf4                lfdballoc
 .text          0x0000000081008d88       0x4c binaries/lfdbfree.o
                0x0000000081008d88                lfdbfree
 .text          0x0000000081008dd4       0xb8 binaries/lfflush.o
                0x0000000081008dd4                lfflush
 .text          0x0000000081008e8c       0xc8 binaries/lfgetmode.o
                0x0000000081008e8c                lfgetmode
 .text          0x0000000081008f54       0x6c binaries/lfiballoc.o
                0x0000000081008f54                lfiballoc
 .text          0x0000000081008fc0       0x28 binaries/lfibclear.o
                0x0000000081008fc0                lfibclear
 .text          0x0000000081008fe8       0x64 binaries/lfibget.o
                0x0000000081008fe8                lfibget
 .text          0x000000008100904c       0x90 binaries/lfibput.o
                0x000000008100904c                lfibput
 .text          0x00000000810090dc       0xc4 binaries/lflclose.o
                0x00000000810090dc                lflclose
 .text          0x00000000810091a0       0xc8 binaries/lflcontrol.o
                0x00000000810091a0                lflcontrol
 .text          0x0000000081009268      0x10c binaries/lflgetc.o
                0x0000000081009268                lflgetc
 .text          0x0000000081009374       0xd0 binaries/lflinit.o
                0x0000000081009374                lflinit
 .text          0x0000000081009444      0x14c binaries/lflputc.o
                0x0000000081009444                lflputc
 .text          0x0000000081009590       0x70 binaries/lflread.o
                0x0000000081009590                lflread
 .text          0x0000000081009600       0xc0 binaries/lflseek.o
                0x0000000081009600                lflseek
 .text          0x00000000810096c0       0x50 binaries/lflwrite.o
                0x00000000810096c0                lflwrite
 .text          0x0000000081009710      0x11c binaries/lfsckfmt.o
                0x0000000081009710                lfsckfmt
 .text          0x000000008100982c      0x15c binaries/lfscreate.o
                0x000000008100982c                lfscreate
 .text          0x0000000081009988      0x1f0 binaries/lfsetup.o
                0x0000000081009988                lfsetup
 .text          0x0000000081009b78       0x44 binaries/lfsinit.o
                0x0000000081009b78                lfsinit
 .text          0x0000000081009bbc      0x378 binaries/lfsopen.o
                0x0000000081009bbc                lfsopen
 .text          0x0000000081009f34      0x110 binaries/lftruncate.o
                0x0000000081009f34                lftruncate
 .text          0x000000008100a044       0x7c binaries/rflclose.o
                0x000000008100a044                rflclose
 .text          0x000000008100a0c0       0x28 binaries/rflgetc.o
                0x000000008100a0c0                rflgetc
 .text          0x000000008100a0e8       0x88 binaries/rflinit.o
                0x000000008100a0e8                rflinit
 .text          0x000000008100a170       0x2c binaries/rflputc.o
                0x000000008100a170                rflputc
 .text          0x000000008100a19c      0x2c4 binaries/rflread.o
                0x000000008100a19c                rflread
 .text          0x000000008100a460       0x7c binaries/rflseek.o
                0x000000008100a460                rflseek
 .text          0x000000008100a4dc      0x2e0 binaries/rflwrite.o
                0x000000008100a4dc                rflwrite
 .text          0x000000008100a7bc      0x198 binaries/rfscomm.o
                0x000000008100a7bc                rfscomm
 .text          0x000000008100a954      0x224 binaries/rfscontrol.o
                0x000000008100a954                rfscontrol
 .text          0x000000008100ab78       0xc8 binaries/rfsgetmode.o
                0x000000008100ab78                rfsgetmode
 .text          0x000000008100ac40       0x84 binaries/rfsinit.o
                0x000000008100ac40                rfsinit
 .text          0x000000008100acc4       0x98 binaries/rfsndmsg.o
                0x000000008100acc4                rfsndmsg
 .text          0x000000008100ad5c      0x238 binaries/rfsopen.o
                0x000000008100ad5c                rfsopen
 .text          0x000000008100af94      0x844 binaries/arp.o
                0x000000008100af94                arp_clean
                0x000000008100aff0                arp_init
                0x000000008100b04c                arp_alloc
                0x000000008100b124                arp_ntoh
                0x000000008100b1c8                arp_hton
                0x000000008100b26c                arp_resolve
                0x000000008100b530                arp_in
 .text          0x000000008100b7d8      0xd90 binaries/dhcp.o
                0x000000008100b7d8                dump_dhcp_msg
                0x000000008100bdfc                get_dhcp_option_value
                0x000000008100be58                build_dhcp_discover
                0x000000008100bf84                build_dhcp_request
                0x000000008100c130                getlocalip_boot
                0x000000008100c52c                getlocalip
 .text          0x000000008100c568      0x414 binaries/dns.o
                0x000000008100c568                dns_bldq
                0x000000008100c614                dns_getrname
                0x000000008100c6d8                dns_geta
                0x000000008100c808                dns_qa
 .text          0x000000008100c97c      0x108 binaries/dot2ip.o
                0x000000008100c97c                dot2ip
 .text          0x000000008100ca84      0x328 binaries/hexdump.o
                0x000000008100ca84                hexdump
                0x000000008100cbd0                hexadump
 .text          0x000000008100cdac      0x71c binaries/icmp.o
                0x000000008100cdac                icmp_init
                0x000000008100cdd0                icmp_register
                0x000000008100ce90                icmp_recv
                0x000000008100d030                icmp_mkpkt
                0x000000008100d120                icmp_in
                0x000000008100d2ac                icmp_send
                0x000000008100d31c                icmp_release
                0x000000008100d404                icmp_cksum
                0x000000008100d460                icmp_hton
                0x000000008100d494                icmp_ntoh
 .text          0x000000008100d4c8      0x67c binaries/ip.o
                0x000000008100d4c8                ip_local
                0x000000008100d4f8                ipcksum
                0x000000008100d53c                ip_ntoh
                0x000000008100d5e0                ip_in
                0x000000008100d710                ip_hton
                0x000000008100d7b4                ip_out
                0x000000008100d868                ip_send
                0x000000008100d998                ipout
                0x000000008100daa8                ip_enqueue
 .text          0x000000008100db44      0x1c4 binaries/net.o
                0x000000008100db44                net_init
                0x000000008100dc3c                eth_hton
                0x000000008100dc50                eth_ntoh
                0x000000008100dc64                netin
 .text          0x000000008100dd08       0xf8 binaries/netstart.o
                0x000000008100dd08                netstart
 .text          0x000000008100de00      0x9dc binaries/pdump.o
                0x000000008100de00                pdump
                0x000000008100e38c                pdumph
 .text          0x000000008100e7dc      0x580 binaries/tftp.o
                0x000000008100e7dc                tftp_send1
                0x000000008100e8c8                tftpget_mb
                0x000000008100ed28                tftpget
 .text          0x000000008100ed5c      0xab4 binaries/udp.o
                0x000000008100ed5c                udp_init
                0x000000008100ed84                udp_in
                0x000000008100eeb8                udp_register
                0x000000008100efbc                udp_recv
                0x000000008100f158                udp_recvaddr
                0x000000008100f33c                udp_send
                0x000000008100f520                udp_sendto
                0x000000008100f6b8                udp_release
                0x000000008100f7a8                udp_ntoh
                0x000000008100f7dc                udp_hton
 .text          0x000000008100f810      0x13c binaries/addargs.o
                0x000000008100f810                addargs
 .text          0x000000008100f94c      0x28c binaries/lexan.o
                0x000000008100f94c                lexan
 .text          0x000000008100fbd8      0x68c binaries/shell.o
                0x000000008100fbd8                shell
 .text          0x0000000081010264       0x64 binaries/xsh_argecho.o
                0x0000000081010264                xsh_argecho
 .text          0x00000000810102c8      0x1c8 binaries/xsh_arp.o
                0x00000000810102c8                xsh_arp
 .text          0x0000000081010490      0x234 binaries/xsh_cat.o
                0x0000000081010490                xsh_cat
 .text          0x00000000810106c4       0x5c binaries/xsh_clear.o
                0x00000000810106c4                xsh_clear
 .text          0x0000000081010720      0x29c binaries/xsh_date.o
                0x0000000081010720                xsh_date
 .text          0x00000000810109bc       0x98 binaries/xsh_devdump.o
                0x00000000810109bc                xsh_devdump
 .text          0x0000000081010a54       0x68 binaries/xsh_echo.o
                0x0000000081010a54                xsh_echo
 .text          0x0000000081010abc        0x8 binaries/xsh_exit.o
                0x0000000081010abc                xsh_exit
 .text          0x0000000081010ac4       0x88 binaries/xsh_hello.o
                0x0000000081010ac4                xsh_hello
 .text          0x0000000081010b4c      0x3b8 binaries/xsh_help.o
                0x0000000081010b4c                xsh_help
 .text          0x0000000081010f04      0x354 binaries/xsh_ipaddr.o
                0x0000000081010f04                xsh_ipaddr
 .text          0x0000000081011258      0x1fc binaries/xsh_kill.o
                0x0000000081011258                xsh_kill
 .text          0x0000000081011454      0x2ac binaries/xsh_led.o
                0x0000000081011454                xsh_led
 .text          0x0000000081011700      0x434 binaries/xsh_memdump.o
                0x00000000810117f4                xsh_memdump
 .text          0x0000000081011b34      0x260 binaries/xsh_memstat.o
                0x0000000081011b34                xsh_memstat
 .text          0x0000000081011d94      0x3b8 binaries/xsh_ping.o
                0x0000000081011d94                xsh_ping
 .text          0x000000008101214c      0x40c binaries/xsh_prodcons.o
                0x000000008101214c                xsh_prodcons
 .text          0x0000000081012558      0x220 binaries/xsh_ps.o
                0x0000000081012558                xsh_ps
 .text          0x0000000081012778       0x14 binaries/xsh_reset.o
                0x0000000081012778                xsh_reset
 .text          0x000000008101278c      0x1d4 binaries/xsh_sleep.o
                0x000000008101278c                xsh_sleep
 .text          0x0000000081012960      0x244 binaries/xsh_udpdump.o
                0x0000000081012960                xsh_udpdump
 .text          0x0000000081012ba4      0x3fc binaries/xsh_udpecho.o
                0x0000000081012ba4                xsh_udpecho
 .text          0x0000000081012fa0      0x268 binaries/xsh_udpeserver.o
                0x0000000081012fa0                xsh_udpeserver
 .text          0x0000000081013208      0x1b4 binaries/xsh_uptime.o
                0x0000000081013208                xsh_uptime
 .text          0x00000000810133bc       0x70 binaries/consume.o
                0x00000000810133bc                consumer
 .text          0x000000008101342c       0x50 binaries/future_cons.o
                0x000000008101342c                future_cons
 .text          0x000000008101347c       0x44 binaries/future_prod.o
                0x000000008101347c                future_prod
 .text          0x00000000810134c0       0x68 binaries/produce.o
                0x00000000810134c0                producer
 .text          0x0000000081013528       0x2c binaries/ctxsw.o
                0x0000000081013528                ctxsw
 .text          0x0000000081013554      0x100 binaries/intr.o
                0x0000000081013554                disable
                0x0000000081013560                restore
                0x0000000081013584                enable
                0x000000008101358c                pause
                0x000000008101358c                halt
                0x0000000081013594                irq_except
                0x00000000810135c4                initevec
                0x0000000081013624                expjmpinstr
 .text          0x0000000081013654      0x114 /usr/lib/gcc/arm-none-eabi/4.9.3/libgcc.a(_udivsi3.o)
                0x0000000081013654                __udivsi3
                0x0000000081013654                __aeabi_uidiv
                0x0000000081013748                __aeabi_uidivmod
 .text          0x0000000081013768      0x148 /usr/lib/gcc/arm-none-eabi/4.9.3/libgcc.a(_divsi3.o)
                0x0000000081013768                __aeabi_idiv
                0x0000000081013768                __divsi3
                0x0000000081013890                __aeabi_idivmod
 .text          0x00000000810138b0        0x4 /usr/lib/gcc/arm-none-eabi/4.9.3/libgcc.a(_dvmd_tls.o)
                0x00000000810138b0                __aeabi_ldiv0
                0x00000000810138b0                __aeabi_idiv0
 *(.rodata .rodata.*)
 .rodata.str1.4
                0x00000000810138b4       0x78 binaries/ascdate.o
 .rodata.str1.4
                0x000000008101392c       0xcb binaries/conf.o
 *fill*         0x00000000810139f7        0x1 
 .rodata.str1.4
                0x00000000810139f8       0x60 binaries/getutime.o
 .rodata.str1.4
                0x0000000081013a58      0x16c binaries/initialize.o
                                        0x170 (size before relaxing)
 .rodata.str1.4
                0x0000000081013bc4       0x62 binaries/main.o
 *fill*         0x0000000081013c26        0x2 
 .rodata.str1.4
                0x0000000081013c28       0x10 binaries/panic.o
 .rodata.str1.4
                0x0000000081013c38       0x1c binaries/ptinit.o
 .rodata.str1.4
                0x0000000081013c54       0x25 binaries/ptsend.o
 *fill*         0x0000000081013c79        0x3 
 .rodata.str1.4
                0x0000000081013c7c       0x27 binaries/xdone.o
 *fill*         0x0000000081013ca3        0x1 
 .rodata        0x0000000081013ca4       0x81 binaries/ctype_.o
                0x0000000081013ca4                _ctype_
 *fill*         0x0000000081013d25        0x3 
 .rodata.str1.4
                0x0000000081013d28       0x2f binaries/doprnt.o
 .rodata.str1.4
                0x0000000000000000       0x2d binaries/fdoprnt.o
 *fill*         0x0000000081013d57        0x1 
 .rodata.str1.4
                0x0000000081013d58       0x86 binaries/naminit.o
                                         0x8e (size before relaxing)
 *fill*         0x0000000081013dde        0x2 
 .rodata.str1.4
                0x0000000081013de0       0xe5 binaries/ethinit.o
 *fill*         0x0000000081013ec5        0x3 
 .rodata.str1.4
                0x0000000081013ec8       0x12 binaries/ethread.o
 *fill*         0x0000000081013eda        0x2 
 .rodata.str1.4
                0x0000000081013edc       0x2c binaries/rdsbufalloc.o
 .rodata.str1.4
                0x0000000081013f08       0x76 binaries/rdscomm.o
 *fill*         0x0000000081013f7e        0x2 
 .rodata.str1.4
                0x0000000081013f80       0x48 binaries/rdscontrol.o
 .rodata.str1.4
                0x0000000081013fc8       0x96 binaries/rdsinit.o
 *fill*         0x000000008101405e        0x2 
 .rodata.str1.4
                0x0000000081014060       0x22 binaries/rdsopen.o
 *fill*         0x0000000081014082        0x2 
 .rodata.str1.4
                0x0000000081014084       0x4d binaries/rdsprocess.o
 *fill*         0x00000000810140d1        0x3 
 .rodata.str1.4
                0x00000000810140d4        0x9 binaries/raminit.o
 *fill*         0x00000000810140dd        0x3 
 .rodata.str1.4
                0x00000000810140e0       0x37 binaries/lfdballoc.o
 *fill*         0x0000000081014117        0x1 
 .rodata.str1.4
                0x0000000081014118       0x14 binaries/lfiballoc.o
 .rodata.str1.4
                0x000000008101412c       0x23 binaries/lflcontrol.o
 *fill*         0x000000008101414f        0x1 
 .rodata.str1.4
                0x0000000081014150       0xbb binaries/lfsckfmt.o
 *fill*         0x000000008101420b        0x1 
 .rodata.str1.4
                0x000000008101420c       0x21 binaries/rflread.o
 .rodata.str1.4
                0x0000000000000000       0x21 binaries/rflwrite.o
 *fill*         0x000000008101422d        0x3 
 .rodata.str1.4
                0x0000000081014230       0x75 binaries/rfscomm.o
 *fill*         0x00000000810142a5        0x3 
 .rodata.str1.4
                0x00000000810142a8       0x23 binaries/rfscontrol.o
 *fill*         0x00000000810142cb        0x1 
 .rodata.str1.4
                0x00000000810142cc       0x63 binaries/rfsinit.o
 *fill*         0x000000008101432f        0x1 
 .rodata.str1.4
                0x0000000081014330       0x2a binaries/rfsndmsg.o
 .rodata.str1.4
                0x0000000000000000       0x22 binaries/rfsopen.o
 *fill*         0x000000008101435a        0x2 
 .rodata.str1.4
                0x000000008101435c       0x49 binaries/arp.o
 *fill*         0x00000000810143a5        0x3 
 .rodata.str1.4
                0x00000000810143a8      0x443 binaries/dhcp.o
                                        0x447 (size before relaxing)
 *fill*         0x00000000810147eb        0x1 
 .rodata.str1.4
                0x00000000810147ec       0xca binaries/hexdump.o
                                         0xd6 (size before relaxing)
 *fill*         0x00000000810148b6        0x2 
 .rodata.str1.4
                0x00000000810148b8       0x29 binaries/icmp.o
 *fill*         0x00000000810148e1        0x3 
 .rodata.str1.4
                0x00000000810148e4       0x52 binaries/ip.o
 *fill*         0x0000000081014936        0x2 
 .rodata.str1.4
                0x0000000081014938       0x53 binaries/net.o
 *fill*         0x000000008101498b        0x1 
 .rodata.str1.4
                0x000000008101498c       0x8f binaries/netstart.o
 *fill*         0x0000000081014a1b        0x1 
 .rodata.str1.4
                0x0000000081014a1c      0x292 binaries/pdump.o
                                        0x296 (size before relaxing)
 *fill*         0x0000000081014cae        0x2 
 .rodata.str1.4
                0x0000000081014cb0      0x178 binaries/tftp.o
                                        0x17c (size before relaxing)
 .rodata.str1.4
                0x0000000081014e28       0xf4 binaries/udp.o
 .rodata        0x0000000081014f1c      0x120 binaries/shell.o
                0x0000000081014f1c                cmdtab
 .rodata.str1.4
                0x000000008101503c      0x306 binaries/shell.o
                                        0x30e (size before relaxing)
 *fill*         0x0000000081015342        0x2 
 .rodata.str1.4
                0x0000000081015344       0x29 binaries/xsh_argecho.o
                                         0x2e (size before relaxing)
 *fill*         0x000000008101536d        0x3 
 .rodata.str1.4
                0x0000000081015370      0x13e binaries/xsh_arp.o
                                        0x142 (size before relaxing)
 *fill*         0x00000000810154ae        0x2 
 .rodata.str1.4
                0x00000000810154b0       0x81 binaries/xsh_cat.o
                                         0xd1 (size before relaxing)
 *fill*         0x0000000081015531        0x3 
 .rodata.str1.4
                0x0000000081015534       0x15 binaries/xsh_clear.o
 *fill*         0x0000000081015549        0x3 
 .rodata.str1.4
                0x000000008101554c      0x1af binaries/xsh_date.o
                                        0x1cb (size before relaxing)
 *fill*         0x00000000810156fb        0x1 
 .rodata.str1.4
                0x00000000810156fc       0x61 binaries/xsh_devdump.o
 *fill*         0x000000008101575d        0x3 
 .rodata.str1.4
                0x0000000081015760        0x8 binaries/xsh_echo.o
                                          0xa (size before relaxing)
 .rodata.str1.4
                0x0000000081015768       0x60 binaries/xsh_hello.o
                                         0xbc (size before relaxing)
 .rodata.str1.4
                0x00000000810157c8       0xe7 binaries/xsh_help.o
                                        0x17a (size before relaxing)
 *fill*         0x00000000810158af        0x1 
 .rodata.str1.4
                0x00000000810158b0       0xfb binaries/xsh_ipaddr.o
                                        0x1ab (size before relaxing)
 *fill*         0x00000000810159ab        0x1 
 .rodata.str1.4
                0x00000000810159ac       0xc8 binaries/xsh_kill.o
                                        0x136 (size before relaxing)
 .rodata.str1.4
                0x0000000081015a74       0xf7 binaries/xsh_led.o
                                        0x16b (size before relaxing)
 *fill*         0x0000000081015b6b        0x1 
 .rodata.str1.4
                0x0000000081015b6c      0x1e2 binaries/xsh_memdump.o
                                        0x262 (size before relaxing)
 *fill*         0x0000000081015d4e        0x2 
 .rodata.str1.4
                0x0000000081015d50      0x21c binaries/xsh_memstat.o
                                        0x282 (size before relaxing)
 .rodata.str1.4
                0x0000000081015f6c      0x13f binaries/xsh_ping.o
                                        0x1b2 (size before relaxing)
 *fill*         0x00000000810160ab        0x1 
 .rodata.str1.4
                0x00000000810160ac       0xa3 binaries/xsh_prodcons.o
                                         0xa7 (size before relaxing)
 *fill*         0x000000008101614f        0x1 
 .rodata        0x0000000081016150       0x20 binaries/xsh_ps.o
 .rodata.str1.4
                0x0000000081016170      0x11a binaries/xsh_ps.o
                                        0x1d2 (size before relaxing)
 *fill*         0x000000008101628a        0x2 
 .rodata.str1.4
                0x000000008101628c       0x5e binaries/xsh_sleep.o
                                         0xf6 (size before relaxing)
 *fill*         0x00000000810162ea        0x2 
 .rodata        0x00000000810162ec        0xc binaries/xsh_udpdump.o
 .rodata.str1.4
                0x00000000810162f8      0x122 binaries/xsh_udpdump.o
                                        0x1de (size before relaxing)
 *fill*         0x000000008101641a        0x2 
 .rodata.str1.4
                0x000000008101641c      0x1ae binaries/xsh_udpecho.o
                                        0x222 (size before relaxing)
 *fill*         0x00000000810165ca        0x2 
 .rodata.str1.4
                0x00000000810165cc       0x9b binaries/xsh_udpeserver.o
                                        0x13f (size before relaxing)
 *fill*         0x0000000081016667        0x1 
 .rodata.str1.4
                0x0000000081016668       0x77 binaries/xsh_uptime.o
                                        0x112 (size before relaxing)
 *fill*         0x00000000810166df        0x1 
 .rodata.str1.4
                0x00000000810166e0        0xe binaries/consume.o
 *fill*         0x00000000810166ee        0x2 
 .rodata.str1.4
                0x00000000810166f0       0x2c binaries/future_cons.o
 .rodata.str1.4
                0x000000008101671c       0x10 binaries/produce.o
                                          0xe (size before relaxing)
                0x000000008101672c                etext = ABSOLUTE (.)
                0x0000000081017000                . = ALIGN (0x1000)
 *fill*         0x000000008101672c      0x8d4 

.glue_7         0x0000000081017000        0x0
 .glue_7        0x0000000000000000        0x0 linker stubs

.glue_7t        0x0000000081017000        0x0
 .glue_7t       0x0000000000000000        0x0 linker stubs

.vfp11_veneer   0x0000000081017000        0x0
 .vfp11_veneer  0x0000000000000000        0x0 linker stubs

.v4_bx          0x0000000081017000        0x0
 .v4_bx         0x0000000000000000        0x0 linker stubs

.iplt           0x0000000081017000        0x0
 .iplt          0x0000000000000000        0x0 binaries/start.o

.rel.dyn        0x0000000081017000        0x0
 .rel.iplt      0x0000000000000000        0x0 binaries/start.o

.data           0x0000000081017000     0x1000
                0x0000000081017000                data = ABSOLUTE (.)
 *(.data .data.*)
 .data          0x0000000081017000        0x0 binaries/start.o
 .data          0x0000000081017000       0x88 binaries/ascdate.o
                0x0000000081017000                Date
 .data          0x0000000081017088        0x0 binaries/bufinit.o
 .data          0x0000000081017088        0x0 binaries/chprio.o
 .data          0x0000000081017088        0x4 binaries/clkhandler.o
 .data          0x000000008101708c        0x0 binaries/clkinit.o
 .data          0x000000008101708c        0x0 binaries/close.o
 .data          0x000000008101708c      0x5a0 binaries/conf.o
                0x000000008101708c                devtab
 .data          0x000000008101762c        0x0 binaries/control.o
 .data          0x000000008101762c        0x4 binaries/create.o
 .data          0x0000000081017630       0x3d binaries/evec.o
                0x0000000081017630                expmsg2
                0x0000000081017644                expmsg1
 .data          0x000000008101766d        0x0 binaries/exit.o
 .data          0x000000008101766d        0x0 binaries/freebuf.o
 .data          0x000000008101766d        0x0 binaries/freemem.o
 .data          0x000000008101766d        0x0 binaries/future_alloc.o
 .data          0x000000008101766d        0x0 binaries/future_free.o
 .data          0x000000008101766d        0x0 binaries/future_get.o
 .data          0x000000008101766d        0x0 binaries/future_set.o
 .data          0x000000008101766d        0x0 binaries/getbuf.o
 .data          0x000000008101766d        0x0 binaries/getc.o
 .data          0x000000008101766d        0x0 binaries/getdev.o
 .data          0x000000008101766d        0x0 binaries/getitem.o
 .data          0x000000008101766d        0x0 binaries/getmem.o
 .data          0x000000008101766d        0x0 binaries/getpid.o
 .data          0x000000008101766d        0x0 binaries/getprio.o
 .data          0x000000008101766d        0x0 binaries/getstk.o
 .data          0x000000008101766d        0x0 binaries/gettime.o
 .data          0x000000008101766d        0x0 binaries/getutime.o
 .data          0x000000008101766d        0x0 binaries/init.o
 .data          0x000000008101766d        0x0 binaries/initialize.o
 .data          0x000000008101766d        0x0 binaries/insert.o
 .data          0x000000008101766d        0x0 binaries/insertd.o
 .data          0x000000008101766d        0x0 binaries/ioerr.o
 .data          0x000000008101766d        0x0 binaries/ionull.o
 .data          0x000000008101766d        0x0 binaries/kill.o
 .data          0x000000008101766d        0x0 binaries/kprintf.o
 *fill*         0x000000008101766d        0x3 
 .data          0x0000000081017670        0x4 binaries/main.o
                0x0000000081017670                gcounter
 .data          0x0000000081017674        0x0 binaries/mark.o
 .data          0x0000000081017674        0x0 binaries/meminit.o
 .data          0x0000000081017674        0x0 binaries/mkbufpool.o
 .data          0x0000000081017674        0x2 binaries/newqueue.o
 .data          0x0000000081017676        0x0 binaries/open.o
 .data          0x0000000081017676        0x0 binaries/panic.o
 .data          0x0000000081017676        0x0 binaries/platinit.o
 .data          0x0000000081017676        0x0 binaries/ptclear.o
 .data          0x0000000081017676        0x0 binaries/ptcount.o
 .data          0x0000000081017676        0x0 binaries/ptcreate.o
 .data          0x0000000081017676        0x0 binaries/ptdelete.o
 .data          0x0000000081017676        0x0 binaries/ptinit.o
 .data          0x0000000081017676        0x0 binaries/ptrecv.o
 .data          0x0000000081017676        0x0 binaries/ptreset.o
 .data          0x0000000081017676        0x0 binaries/ptsend.o
 .data          0x0000000081017676        0x0 binaries/putc.o
 .data          0x0000000081017676        0x0 binaries/queue.o
 .data          0x0000000081017676        0x0 binaries/read.o
 .data          0x0000000081017676        0x0 binaries/ready.o
 .data          0x0000000081017676        0x0 binaries/receive.o
 .data          0x0000000081017676        0x0 binaries/recvclr.o
 .data          0x0000000081017676        0x0 binaries/recvtime.o
 .data          0x0000000081017676        0x0 binaries/resched.o
 .data          0x0000000081017676        0x0 binaries/resume.o
 .data          0x0000000081017676        0x0 binaries/seek.o
 .data          0x0000000081017676        0x0 binaries/semcount.o
 .data          0x0000000081017676        0x0 binaries/semcreate.o
 .data          0x0000000081017676        0x0 binaries/semdelete.o
 .data          0x0000000081017676        0x0 binaries/semreset.o
 .data          0x0000000081017676        0x0 binaries/send.o
 .data          0x0000000081017676        0x0 binaries/signal.o
 .data          0x0000000081017676        0x0 binaries/signaln.o
 .data          0x0000000081017676        0x0 binaries/sleep.o
 .data          0x0000000081017676        0x0 binaries/suspend.o
 .data          0x0000000081017676        0x0 binaries/unsleep.o
 .data          0x0000000081017676        0x0 binaries/userret.o
 .data          0x0000000081017676        0x0 binaries/wait.o
 .data          0x0000000081017676        0x0 binaries/wakeup.o
 .data          0x0000000081017676        0x0 binaries/write.o
 .data          0x0000000081017676        0x0 binaries/xdone.o
 .data          0x0000000081017676        0x0 binaries/yield.o
 .data          0x0000000081017676        0x0 binaries/abs.o
 .data          0x0000000081017676        0x0 binaries/atoi.o
 .data          0x0000000081017676        0x0 binaries/atol.o
 .data          0x0000000081017676        0x0 binaries/bzero.o
 .data          0x0000000081017676        0x0 binaries/ctype_.o
 .data          0x0000000081017676        0x0 binaries/doprnt.o
 *fill*         0x0000000081017676        0x2 
 .data          0x0000000081017678       0x80 binaries/doscan.o
                0x0000000081017678                _sctab
 .data          0x00000000810176f8        0x0 binaries/fdoprnt.o
 .data          0x00000000810176f8        0x0 binaries/fgetc.o
 .data          0x00000000810176f8        0x0 binaries/fgets.o
 .data          0x00000000810176f8        0x0 binaries/fprintf.o
 .data          0x00000000810176f8        0x0 binaries/fputc.o
 .data          0x00000000810176f8        0x0 binaries/fputs.o
 .data          0x00000000810176f8        0x0 binaries/fscanf.o
 .data          0x00000000810176f8        0x0 binaries/getchar.o
 .data          0x00000000810176f8        0x0 binaries/labs.o
 .data          0x00000000810176f8        0x0 binaries/memchr.o
 .data          0x00000000810176f8        0x0 binaries/memcmp.o
 .data          0x00000000810176f8        0x0 binaries/memcpy.o
 .data          0x00000000810176f8        0x0 binaries/memset.o
 .data          0x00000000810176f8        0x0 binaries/printf.o
 .data          0x00000000810176f8        0x0 binaries/putchar.o
 .data          0x00000000810176f8        0x0 binaries/qsort.o
 .data          0x00000000810176f8        0x4 binaries/rand.o
 .data          0x00000000810176fc        0x0 binaries/sprintf.o
 .data          0x00000000810176fc        0x0 binaries/sscanf.o
 .data          0x00000000810176fc        0x0 binaries/strchr.o
 .data          0x00000000810176fc        0x0 binaries/strcmp.o
 .data          0x00000000810176fc        0x0 binaries/strcpy.o
 .data          0x00000000810176fc        0x0 binaries/strlen.o
 .data          0x00000000810176fc        0x0 binaries/strncat.o
 .data          0x00000000810176fc        0x0 binaries/strncmp.o
 .data          0x00000000810176fc        0x0 binaries/strncpy.o
 .data          0x00000000810176fc        0x0 binaries/strnlen.o
 .data          0x00000000810176fc        0x0 binaries/strrchr.o
 .data          0x00000000810176fc        0x0 binaries/strstr.o
 .data          0x00000000810176fc        0x0 binaries/ttycontrol.o
 .data          0x00000000810176fc        0x0 binaries/ttygetc.o
 .data          0x00000000810176fc        0x0 binaries/ttyhandle_in.o
 .data          0x00000000810176fc        0x0 binaries/ttyhandle_out.o
 .data          0x00000000810176fc        0x0 binaries/ttyhandler.o
 .data          0x00000000810176fc        0x0 binaries/ttyinit.o
 .data          0x00000000810176fc        0x0 binaries/ttykickout.o
 .data          0x00000000810176fc        0x0 binaries/ttyputc.o
 .data          0x00000000810176fc        0x0 binaries/ttyread.o
 .data          0x00000000810176fc        0x0 binaries/ttywrite.o
 .data          0x00000000810176fc        0x0 binaries/mount.o
 .data          0x00000000810176fc        0x0 binaries/naminit.o
 .data          0x00000000810176fc        0x0 binaries/nammap.o
 .data          0x00000000810176fc        0x0 binaries/namopen.o
 .data          0x00000000810176fc        0x0 binaries/colon2mac.o
 .data          0x00000000810176fc        0x0 binaries/ethcontrol.o
 .data          0x00000000810176fc        0x0 binaries/ethhandler.o
 .data          0x00000000810176fc        0x0 binaries/ethinit.o
 .data          0x00000000810176fc        0x0 binaries/ethread.o
 .data          0x00000000810176fc        0x0 binaries/ethwrite.o
 .data          0x00000000810176fc        0x0 binaries/rdsbufalloc.o
 .data          0x00000000810176fc        0x0 binaries/rdsclose.o
 .data          0x00000000810176fc        0x0 binaries/rdscomm.o
 .data          0x00000000810176fc        0x0 binaries/rdscontrol.o
 .data          0x00000000810176fc        0x0 binaries/rdsinit.o
 .data          0x00000000810176fc        0x0 binaries/rdsopen.o
 .data          0x00000000810176fc        0x0 binaries/rdsprocess.o
 .data          0x00000000810176fc        0x0 binaries/rdsread.o
 .data          0x00000000810176fc        0x0 binaries/rdswrite.o
 .data          0x00000000810176fc        0x0 binaries/ramclose.o
 .data          0x00000000810176fc        0x0 binaries/raminit.o
 .data          0x00000000810176fc        0x0 binaries/ramopen.o
 .data          0x00000000810176fc        0x0 binaries/ramread.o
 .data          0x00000000810176fc        0x0 binaries/ramwrite.o
 .data          0x00000000810176fc        0x0 binaries/lfdballoc.o
 .data          0x00000000810176fc        0x0 binaries/lfdbfree.o
 .data          0x00000000810176fc        0x0 binaries/lfflush.o
 .data          0x00000000810176fc        0x0 binaries/lfgetmode.o
 .data          0x00000000810176fc        0x0 binaries/lfiballoc.o
 .data          0x00000000810176fc        0x0 binaries/lfibclear.o
 .data          0x00000000810176fc        0x0 binaries/lfibget.o
 .data          0x00000000810176fc        0x0 binaries/lfibput.o
 .data          0x00000000810176fc        0x0 binaries/lflclose.o
 .data          0x00000000810176fc        0x0 binaries/lflcontrol.o
 .data          0x00000000810176fc        0x0 binaries/lflgetc.o
 .data          0x00000000810176fc        0x0 binaries/lflinit.o
 .data          0x00000000810176fc        0x0 binaries/lflputc.o
 .data          0x00000000810176fc        0x0 binaries/lflread.o
 .data          0x00000000810176fc        0x0 binaries/lflseek.o
 .data          0x00000000810176fc        0x0 binaries/lflwrite.o
 .data          0x00000000810176fc        0x0 binaries/lfsckfmt.o
 .data          0x00000000810176fc        0x0 binaries/lfscreate.o
 .data          0x00000000810176fc        0x0 binaries/lfsetup.o
 .data          0x00000000810176fc        0x0 binaries/lfsinit.o
 .data          0x00000000810176fc        0x0 binaries/lfsopen.o
 .data          0x00000000810176fc        0x0 binaries/lftruncate.o
 .data          0x00000000810176fc        0x0 binaries/rflclose.o
 .data          0x00000000810176fc        0x0 binaries/rflgetc.o
 .data          0x00000000810176fc        0x0 binaries/rflinit.o
 .data          0x00000000810176fc        0x0 binaries/rflputc.o
 .data          0x00000000810176fc        0x0 binaries/rflread.o
 .data          0x00000000810176fc        0x0 binaries/rflseek.o
 .data          0x00000000810176fc        0x0 binaries/rflwrite.o
 .data          0x00000000810176fc        0x0 binaries/rfscomm.o
 .data          0x00000000810176fc        0x0 binaries/rfscontrol.o
 .data          0x00000000810176fc        0x0 binaries/rfsgetmode.o
 .data          0x00000000810176fc        0x0 binaries/rfsinit.o
 .data          0x00000000810176fc        0x0 binaries/rfsndmsg.o
 .data          0x00000000810176fc        0x0 binaries/rfsopen.o
 .data          0x00000000810176fc        0x0 binaries/arp.o
 .data          0x00000000810176fc        0x0 binaries/dhcp.o
 .data          0x00000000810176fc        0x0 binaries/dns.o
 .data          0x00000000810176fc        0x0 binaries/dot2ip.o
 .data          0x00000000810176fc        0x0 binaries/hexdump.o
 .data          0x00000000810176fc        0x4 binaries/icmp.o
 .data          0x0000000081017700        0x0 binaries/ip.o
 .data          0x0000000081017700        0x0 binaries/net.o
 .data          0x0000000081017700        0x0 binaries/netstart.o
 .data          0x0000000081017700        0x0 binaries/pdump.o
 .data          0x0000000081017700        0x0 binaries/tftp.o
 .data          0x0000000081017700        0x4 binaries/udp.o
 .data          0x0000000081017704        0x0 binaries/addargs.o
 .data          0x0000000081017704        0x0 binaries/lexan.o
 .data          0x0000000081017704        0x4 binaries/shell.o
                0x0000000081017704                ncmd
 .data          0x0000000081017708        0x0 binaries/xsh_argecho.o
 .data          0x0000000081017708        0x0 binaries/xsh_arp.o
 .data          0x0000000081017708        0x0 binaries/xsh_cat.o
 .data          0x0000000081017708        0x0 binaries/xsh_clear.o
 .data          0x0000000081017708        0x0 binaries/xsh_date.o
 .data          0x0000000081017708        0x0 binaries/xsh_devdump.o
 .data          0x0000000081017708        0x0 binaries/xsh_echo.o
 .data          0x0000000081017708        0x0 binaries/xsh_exit.o
 .data          0x0000000081017708        0x0 binaries/xsh_hello.o
 .data          0x0000000081017708        0x0 binaries/xsh_help.o
 .data          0x0000000081017708        0x0 binaries/xsh_ipaddr.o
 .data          0x0000000081017708        0x0 binaries/xsh_kill.o
 .data          0x0000000081017708        0x0 binaries/xsh_led.o
 .data          0x0000000081017708        0x0 binaries/xsh_memdump.o
 .data          0x0000000081017708        0x0 binaries/xsh_memstat.o
 .data          0x0000000081017708        0x0 binaries/xsh_ping.o
 .data          0x0000000081017708        0x0 binaries/xsh_prodcons.o
 .data          0x0000000081017708        0x0 binaries/xsh_ps.o
 .data          0x0000000081017708        0x0 binaries/xsh_reset.o
 .data          0x0000000081017708        0x0 binaries/xsh_sleep.o
 .data          0x0000000081017708        0x0 binaries/xsh_udpdump.o
 .data          0x0000000081017708        0x0 binaries/xsh_udpecho.o
 .data          0x0000000081017708        0x0 binaries/xsh_udpeserver.o
 .data          0x0000000081017708        0x0 binaries/xsh_uptime.o
 .data          0x0000000081017708        0x0 binaries/consume.o
 .data          0x0000000081017708        0x0 binaries/future_cons.o
 .data          0x0000000081017708        0x0 binaries/future_prod.o
 .data          0x0000000081017708        0x0 binaries/produce.o
 .data          0x0000000081017708        0x0 binaries/ctxsw.o
 .data          0x0000000081017708        0x0 binaries/intr.o
 .data          0x0000000081017708        0x0 /usr/lib/gcc/arm-none-eabi/4.9.3/libgcc.a(_udivsi3.o)
 .data          0x0000000081017708        0x0 /usr/lib/gcc/arm-none-eabi/4.9.3/libgcc.a(_divsi3.o)
 .data          0x0000000081017708        0x0 /usr/lib/gcc/arm-none-eabi/4.9.3/libgcc.a(_dvmd_tls.o)
                0x0000000081017708                edata = ABSOLUTE (.)
                0x0000000081018000                . = ALIGN (0x1000)
 *fill*         0x0000000081017708      0x8f8 

.igot.plt       0x0000000081018000        0x0
 .igot.plt      0x0000000000000000        0x0 binaries/start.o

.bss            0x0000000081018000    0x20000
                0x0000000081018000                bss = ABSOLUTE (.)
 *(.bss .bss.*)
 .bss           0x0000000081018000        0x0 binaries/start.o
 .bss           0x0000000081018000        0x0 binaries/ascdate.o
 .bss           0x0000000081018000        0x0 binaries/bufinit.o
 .bss           0x0000000081018000        0x0 binaries/chprio.o
 .bss           0x0000000081018000        0x0 binaries/clkhandler.o
 .bss           0x0000000081018000        0x4 binaries/clkinit.o
                0x0000000081018000                ctr1000
 .bss           0x0000000081018004        0x0 binaries/close.o
 .bss           0x0000000081018004        0x0 binaries/conf.o
 .bss           0x0000000081018004        0x0 binaries/control.o
 .bss           0x0000000081018004        0x0 binaries/create.o
 .bss           0x0000000081018004        0x0 binaries/evec.o
 .bss           0x0000000081018004        0x0 binaries/exit.o
 .bss           0x0000000081018004        0x0 binaries/freebuf.o
 .bss           0x0000000081018004        0x0 binaries/freemem.o
 .bss           0x0000000081018004        0x0 binaries/future_alloc.o
 .bss           0x0000000081018004        0x0 binaries/future_free.o
 .bss           0x0000000081018004        0x0 binaries/future_get.o
 .bss           0x0000000081018004        0x0 binaries/future_set.o
 .bss           0x0000000081018004        0x0 binaries/getbuf.o
 .bss           0x0000000081018004        0x0 binaries/getc.o
 .bss           0x0000000081018004        0x0 binaries/getdev.o
 .bss           0x0000000081018004        0x0 binaries/getitem.o
 .bss           0x0000000081018004        0x0 binaries/getmem.o
 .bss           0x0000000081018004        0x0 binaries/getpid.o
 .bss           0x0000000081018004        0x0 binaries/getprio.o
 .bss           0x0000000081018004        0x0 binaries/getstk.o
 .bss           0x0000000081018004        0x0 binaries/gettime.o
 .bss           0x0000000081018004        0x0 binaries/getutime.o
 .bss           0x0000000081018004        0x0 binaries/init.o
 .bss           0x0000000081018004        0x0 binaries/initialize.o
 .bss           0x0000000081018004        0x0 binaries/insert.o
 .bss           0x0000000081018004        0x0 binaries/insertd.o
 .bss           0x0000000081018004        0x0 binaries/ioerr.o
 .bss           0x0000000081018004        0x0 binaries/ionull.o
 .bss           0x0000000081018004        0x0 binaries/kill.o
 .bss           0x0000000081018004        0x0 binaries/kprintf.o
 .bss           0x0000000081018004        0x0 binaries/main.o
 .bss           0x0000000081018004        0x0 binaries/mark.o
 .bss           0x0000000081018004        0x0 binaries/meminit.o
 .bss           0x0000000081018004        0x0 binaries/mkbufpool.o
 .bss           0x0000000081018004        0x0 binaries/newqueue.o
 .bss           0x0000000081018004        0x0 binaries/open.o
 .bss           0x0000000081018004        0x0 binaries/panic.o
 .bss           0x0000000081018004        0x0 binaries/platinit.o
 .bss           0x0000000081018004        0x0 binaries/ptclear.o
 .bss           0x0000000081018004        0x0 binaries/ptcount.o
 .bss           0x0000000081018004        0x0 binaries/ptcreate.o
 .bss           0x0000000081018004        0x0 binaries/ptdelete.o
 .bss           0x0000000081018004        0x0 binaries/ptinit.o
 .bss           0x0000000081018004        0x0 binaries/ptrecv.o
 .bss           0x0000000081018004        0x0 binaries/ptreset.o
 .bss           0x0000000081018004        0x0 binaries/ptsend.o
 .bss           0x0000000081018004        0x0 binaries/putc.o
 .bss           0x0000000081018004        0x0 binaries/queue.o
 .bss           0x0000000081018004        0x0 binaries/read.o
 .bss           0x0000000081018004        0x0 binaries/ready.o
 .bss           0x0000000081018004        0x0 binaries/receive.o
 .bss           0x0000000081018004        0x0 binaries/recvclr.o
 .bss           0x0000000081018004        0x0 binaries/recvtime.o
 .bss           0x0000000081018004        0x0 binaries/resched.o
 .bss           0x0000000081018004        0x0 binaries/resume.o
 .bss           0x0000000081018004        0x0 binaries/seek.o
 .bss           0x0000000081018004        0x0 binaries/semcount.o
 .bss           0x0000000081018004        0x4 binaries/semcreate.o
 .bss           0x0000000081018008        0x0 binaries/semdelete.o
 .bss           0x0000000081018008        0x0 binaries/semreset.o
 .bss           0x0000000081018008        0x0 binaries/send.o
 .bss           0x0000000081018008        0x0 binaries/signal.o
 .bss           0x0000000081018008        0x0 binaries/signaln.o
 .bss           0x0000000081018008        0x0 binaries/sleep.o
 .bss           0x0000000081018008        0x0 binaries/suspend.o
 .bss           0x0000000081018008        0x0 binaries/unsleep.o
 .bss           0x0000000081018008        0x0 binaries/userret.o
 .bss           0x0000000081018008        0x0 binaries/wait.o
 .bss           0x0000000081018008        0x0 binaries/wakeup.o
 .bss           0x0000000081018008        0x0 binaries/write.o
 .bss           0x0000000081018008        0x0 binaries/xdone.o
 .bss           0x0000000081018008        0x0 binaries/yield.o
 .bss           0x0000000081018008        0x0 binaries/abs.o
 .bss           0x0000000081018008        0x0 binaries/atoi.o
 .bss           0x0000000081018008        0x0 binaries/atol.o
 .bss           0x0000000081018008        0x0 binaries/bzero.o
 .bss           0x0000000081018008        0x0 binaries/ctype_.o
 .bss           0x0000000081018008        0x0 binaries/doprnt.o
 .bss           0x0000000081018008        0x0 binaries/doscan.o
 .bss           0x0000000081018008        0x0 binaries/fdoprnt.o
 .bss           0x0000000081018008        0x0 binaries/fgetc.o
 .bss           0x0000000081018008        0x0 binaries/fgets.o
 .bss           0x0000000081018008        0x0 binaries/fprintf.o
 .bss           0x0000000081018008        0x0 binaries/fputc.o
 .bss           0x0000000081018008        0x0 binaries/fputs.o
 .bss           0x0000000081018008        0x0 binaries/fscanf.o
 .bss           0x0000000081018008        0x0 binaries/getchar.o
 .bss           0x0000000081018008        0x0 binaries/labs.o
 .bss           0x0000000081018008        0x0 binaries/memchr.o
 .bss           0x0000000081018008        0x0 binaries/memcmp.o
 .bss           0x0000000081018008        0x0 binaries/memcpy.o
 .bss           0x0000000081018008        0x0 binaries/memset.o
 .bss           0x0000000081018008        0x0 binaries/printf.o
 .bss           0x0000000081018008        0x0 binaries/putchar.o
 .bss           0x0000000081018008        0x8 binaries/qsort.o
 .bss           0x0000000081018010        0x0 binaries/rand.o
 .bss           0x0000000081018010        0x0 binaries/sprintf.o
 .bss           0x0000000081018010        0x0 binaries/sscanf.o
 .bss           0x0000000081018010        0x0 binaries/strchr.o
 .bss           0x0000000081018010        0x0 binaries/strcmp.o
 .bss           0x0000000081018010        0x0 binaries/strcpy.o
 .bss           0x0000000081018010        0x0 binaries/strlen.o
 .bss           0x0000000081018010        0x0 binaries/strncat.o
 .bss           0x0000000081018010        0x0 binaries/strncmp.o
 .bss           0x0000000081018010        0x0 binaries/strncpy.o
 .bss           0x0000000081018010        0x0 binaries/strnlen.o
 .bss           0x0000000081018010        0x0 binaries/strrchr.o
 .bss           0x0000000081018010        0x0 binaries/strstr.o
 .bss           0x0000000081018010        0x0 binaries/ttycontrol.o
 .bss           0x0000000081018010        0x0 binaries/ttygetc.o
 .bss           0x0000000081018010        0x0 binaries/ttyhandle_in.o
 .bss           0x0000000081018010        0x0 binaries/ttyhandle_out.o
 .bss           0x0000000081018010        0x0 binaries/ttyhandler.o
 .bss           0x0000000081018010        0x0 binaries/ttyinit.o
 .bss           0x0000000081018010        0x0 binaries/ttykickout.o
 .bss           0x0000000081018010        0x0 binaries/ttyputc.o
 .bss           0x0000000081018010        0x0 binaries/ttyread.o
 .bss           0x0000000081018010        0x0 binaries/ttywrite.o
 .bss           0x0000000081018010        0x0 binaries/mount.o
 .bss           0x0000000081018010        0x0 binaries/naminit.o
 .bss           0x0000000081018010        0x0 binaries/nammap.o
 .bss           0x0000000081018010        0x0 binaries/namopen.o
 .bss           0x0000000081018010        0x0 binaries/colon2mac.o
 .bss           0x0000000081018010        0x0 binaries/ethcontrol.o
 .bss           0x0000000081018010        0x0 binaries/ethhandler.o
 .bss           0x0000000081018010        0x0 binaries/ethinit.o
 .bss           0x0000000081018010        0x0 binaries/ethread.o
 .bss           0x0000000081018010        0x0 binaries/ethwrite.o
 .bss           0x0000000081018010        0x0 binaries/rdsbufalloc.o
 .bss           0x0000000081018010        0x0 binaries/rdsclose.o
 .bss           0x0000000081018010        0x0 binaries/rdscomm.o
 .bss           0x0000000081018010        0x0 binaries/rdscontrol.o
 .bss           0x0000000081018010        0x0 binaries/rdsinit.o
 .bss           0x0000000081018010        0x0 binaries/rdsopen.o
 .bss           0x0000000081018010        0x0 binaries/rdsprocess.o
 .bss           0x0000000081018010        0x0 binaries/rdsread.o
 .bss           0x0000000081018010        0x0 binaries/rdswrite.o
 .bss           0x0000000081018010        0x0 binaries/ramclose.o
 .bss           0x0000000081018010        0x0 binaries/raminit.o
 .bss           0x0000000081018010        0x0 binaries/ramopen.o
 .bss           0x0000000081018010        0x0 binaries/ramread.o
 .bss           0x0000000081018010        0x0 binaries/ramwrite.o
 .bss           0x0000000081018010        0x0 binaries/lfdballoc.o
 .bss           0x0000000081018010        0x0 binaries/lfdbfree.o
 .bss           0x0000000081018010        0x0 binaries/lfflush.o
 .bss           0x0000000081018010        0x0 binaries/lfgetmode.o
 .bss           0x0000000081018010        0x0 binaries/lfiballoc.o
 .bss           0x0000000081018010        0x0 binaries/lfibclear.o
 .bss           0x0000000081018010        0x0 binaries/lfibget.o
 .bss           0x0000000081018010        0x0 binaries/lfibput.o
 .bss           0x0000000081018010        0x0 binaries/lflclose.o
 .bss           0x0000000081018010        0x0 binaries/lflcontrol.o
 .bss           0x0000000081018010        0x0 binaries/lflgetc.o
 .bss           0x0000000081018010        0x0 binaries/lflinit.o
 .bss           0x0000000081018010        0x0 binaries/lflputc.o
 .bss           0x0000000081018010        0x0 binaries/lflread.o
 .bss           0x0000000081018010        0x0 binaries/lflseek.o
 .bss           0x0000000081018010        0x0 binaries/lflwrite.o
 .bss           0x0000000081018010        0x0 binaries/lfsckfmt.o
 .bss           0x0000000081018010        0x0 binaries/lfscreate.o
 .bss           0x0000000081018010        0x0 binaries/lfsetup.o
 .bss           0x0000000081018010        0x0 binaries/lfsinit.o
 .bss           0x0000000081018010        0x0 binaries/lfsopen.o
 .bss           0x0000000081018010        0x0 binaries/lftruncate.o
 .bss           0x0000000081018010        0x0 binaries/rflclose.o
 .bss           0x0000000081018010        0x0 binaries/rflgetc.o
 .bss           0x0000000081018010        0x0 binaries/rflinit.o
 .bss           0x0000000081018010        0x0 binaries/rflputc.o
 .bss           0x0000000081018010        0x0 binaries/rflread.o
 .bss           0x0000000081018010        0x0 binaries/rflseek.o
 .bss           0x0000000081018010        0x0 binaries/rflwrite.o
 .bss           0x0000000081018010        0x0 binaries/rfscomm.o
 .bss           0x0000000081018010        0x0 binaries/rfscontrol.o
 .bss           0x0000000081018010        0x0 binaries/rfsgetmode.o
 .bss           0x0000000081018010        0x0 binaries/rfsinit.o
 .bss           0x0000000081018010        0x0 binaries/rfsndmsg.o
 .bss           0x0000000081018010        0x0 binaries/rfsopen.o
 .bss           0x0000000081018010        0x0 binaries/arp.o
 .bss           0x0000000081018010        0x0 binaries/dhcp.o
 .bss           0x0000000081018010        0x0 binaries/dns.o
 .bss           0x0000000081018010        0x0 binaries/dot2ip.o
 .bss           0x0000000081018010        0x0 binaries/hexdump.o
 .bss           0x0000000081018010        0x0 binaries/icmp.o
 .bss           0x0000000081018010        0x0 binaries/ip.o
 .bss           0x0000000081018010        0x0 binaries/net.o
 .bss           0x0000000081018010        0x0 binaries/netstart.o
 .bss           0x0000000081018010        0x0 binaries/pdump.o
 .bss           0x0000000081018010        0x0 binaries/tftp.o
 .bss           0x0000000081018010        0x0 binaries/udp.o
 .bss           0x0000000081018010        0x0 binaries/addargs.o
 .bss           0x0000000081018010        0x0 binaries/lexan.o
 .bss           0x0000000081018010        0x0 binaries/shell.o
 .bss           0x0000000081018010        0x0 binaries/xsh_argecho.o
 .bss           0x0000000081018010        0x0 binaries/xsh_arp.o
 .bss           0x0000000081018010        0x0 binaries/xsh_cat.o
 .bss           0x0000000081018010        0x0 binaries/xsh_clear.o
 .bss           0x0000000081018010        0x0 binaries/xsh_date.o
 .bss           0x0000000081018010        0x0 binaries/xsh_devdump.o
 .bss           0x0000000081018010        0x0 binaries/xsh_echo.o
 .bss           0x0000000081018010        0x0 binaries/xsh_exit.o
 .bss           0x0000000081018010        0x0 binaries/xsh_hello.o
 .bss           0x0000000081018010        0x0 binaries/xsh_help.o
 .bss           0x0000000081018010        0x0 binaries/xsh_ipaddr.o
 .bss           0x0000000081018010        0x0 binaries/xsh_kill.o
 .bss           0x0000000081018010        0x0 binaries/xsh_led.o
 .bss           0x0000000081018010        0x0 binaries/xsh_memdump.o
 .bss           0x0000000081018010        0x0 binaries/xsh_memstat.o
 .bss           0x0000000081018010        0x4 binaries/xsh_ping.o
 .bss           0x0000000081018014        0x0 binaries/xsh_prodcons.o
 .bss           0x0000000081018014        0x0 binaries/xsh_ps.o
 .bss           0x0000000081018014        0x0 binaries/xsh_reset.o
 .bss           0x0000000081018014        0x0 binaries/xsh_sleep.o
 .bss           0x0000000081018014        0x0 binaries/xsh_udpdump.o
 .bss           0x0000000081018014        0x0 binaries/xsh_udpecho.o
 .bss           0x0000000081018014        0x0 binaries/xsh_udpeserver.o
 .bss           0x0000000081018014        0x0 binaries/xsh_uptime.o
 .bss           0x0000000081018014        0x0 binaries/consume.o
 .bss           0x0000000081018014        0x0 binaries/future_cons.o
 .bss           0x0000000081018014        0x0 binaries/future_prod.o
 .bss           0x0000000081018014        0x0 binaries/produce.o
 .bss           0x0000000081018014        0x0 binaries/ctxsw.o
 .bss           0x0000000081018014        0x0 binaries/intr.o
 .bss           0x0000000081018014        0x0 /usr/lib/gcc/arm-none-eabi/4.9.3/libgcc.a(_udivsi3.o)
 .bss           0x0000000081018014        0x0 /usr/lib/gcc/arm-none-eabi/4.9.3/libgcc.a(_divsi3.o)
 .bss           0x0000000081018014        0x0 /usr/lib/gcc/arm-none-eabi/4.9.3/libgcc.a(_dvmd_tls.o)
 *(COMMON)
 COMMON         0x0000000081018014       0xf4 binaries/bufinit.o
                0x0000000081018014                buftab
                0x0000000081018104                nbpools
 COMMON         0x0000000081018108        0xc binaries/clkinit.o
                0x0000000081018108                sleepq
                0x000000008101810c                preempt
                0x0000000081018110                clktime
 COMMON         0x0000000081018114      0x200 binaries/evec.o
                0x0000000081018114                intc_vector
 COMMON         0x0000000081018314     0x1aa0 binaries/initialize.o
                0x0000000081018314                currpid
                0x0000000081018318                proctab
                0x00000000810198f8                prcount
[...]
 .ARM.attributes
                0x000000000000238c       0x35 binaries/rflinit.o
 .ARM.attributes
                0x00000000000023c1       0x35 binaries/rflputc.o
 .ARM.attributes
                0x00000000000023f6       0x35 binaries/rflread.o
 .ARM.attributes
                0x000000000000242b       0x35 binaries/rflseek.o
 .ARM.attributes
                0x0000000000002460       0x35 binaries/rflwrite.o
 .ARM.attributes
                0x0000000000002495       0x35 binaries/rfscomm.o
 .ARM.attributes
                0x00000000000024ca       0x35 binaries/rfscontrol.o
 .ARM.attributes
                0x00000000000024ff       0x35 binaries/rfsgetmode.o
 .ARM.attributes
                0x0000000000002534       0x35 binaries/rfsinit.o
 .ARM.attributes
                0x0000000000002569       0x35 binaries/rfsndmsg.o
 .ARM.attributes
                0x000000000000259e       0x35 binaries/rfsopen.o
 .ARM.attributes
                0x00000000000025d3       0x35 binaries/arp.o
 .ARM.attributes
                0x0000000000002608       0x35 binaries/dhcp.o
 .ARM.attributes
                0x000000000000263d       0x35 binaries/dns.o
 .ARM.attributes
                0x0000000000002672       0x35 binaries/dot2ip.o
 .ARM.attributes
                0x00000000000026a7       0x35 binaries/hexdump.o
 .ARM.attributes
                0x00000000000026dc       0x35 binaries/icmp.o
 .ARM.attributes
                0x0000000000002711       0x35 binaries/ip.o
 .ARM.attributes
                0x0000000000002746       0x35 binaries/net.o
 .ARM.attributes
                0x000000000000277b       0x35 binaries/netstart.o
 .ARM.attributes
                0x00000000000027b0       0x35 binaries/pdump.o
 .ARM.attributes
                0x00000000000027e5       0x35 binaries/tftp.o
 .ARM.attributes
                0x000000000000281a       0x35 binaries/udp.o
 .ARM.attributes
                0x000000000000284f       0x35 binaries/addargs.o
 .ARM.attributes
                0x0000000000002884       0x35 binaries/lexan.o
 .ARM.attributes
                0x00000000000028b9       0x35 binaries/shell.o
 .ARM.attributes
                0x00000000000028ee       0x35 binaries/xsh_argecho.o
 .ARM.attributes
                0x0000000000002923       0x35 binaries/xsh_arp.o
 .ARM.attributes
                0x0000000000002958       0x35 binaries/xsh_cat.o
 .ARM.attributes
                0x000000000000298d       0x35 binaries/xsh_clear.o
 .ARM.attributes
                0x00000000000029c2       0x35 binaries/xsh_date.o
 .ARM.attributes
                0x00000000000029f7       0x35 binaries/xsh_devdump.o
 .ARM.attributes
                0x0000000000002a2c       0x35 binaries/xsh_echo.o
 .ARM.attributes
                0x0000000000002a61       0x35 binaries/xsh_exit.o
 .ARM.attributes
                0x0000000000002a96       0x35 binaries/xsh_hello.o
 .ARM.attributes
                0x0000000000002acb       0x35 binaries/xsh_help.o
 .ARM.attributes
                0x0000000000002b00       0x35 binaries/xsh_ipaddr.o
 .ARM.attributes
                0x0000000000002b35       0x35 binaries/xsh_kill.o
 .ARM.attributes
                0x0000000000002b6a       0x35 binaries/xsh_led.o
 .ARM.attributes
                0x0000000000002b9f       0x35 binaries/xsh_memdump.o
 .ARM.attributes
                0x0000000000002bd4       0x35 binaries/xsh_memstat.o
 .ARM.attributes
                0x0000000000002c09       0x35 binaries/xsh_ping.o
 .ARM.attributes
                0x0000000000002c3e       0x35 binaries/xsh_prodcons.o
 .ARM.attributes
                0x0000000000002c73       0x35 binaries/xsh_ps.o
 .ARM.attributes
                0x0000000000002ca8       0x35 binaries/xsh_reset.o
 .ARM.attributes
                0x0000000000002cdd       0x35 binaries/xsh_sleep.o
 .ARM.attributes
                0x0000000000002d12       0x35 binaries/xsh_udpdump.o
 .ARM.attributes
                0x0000000000002d47       0x35 binaries/xsh_udpecho.o
 .ARM.attributes
                0x0000000000002d7c       0x35 binaries/xsh_udpeserver.o
 .ARM.attributes
                0x0000000000002db1       0x35 binaries/xsh_uptime.o
 .ARM.attributes
                0x0000000000002de6       0x35 binaries/consume.o
 .ARM.attributes
                0x0000000000002e1b       0x35 binaries/future_cons.o
 .ARM.attributes
                0x0000000000002e50       0x35 binaries/future_prod.o
 .ARM.attributes
                0x0000000000002e85       0x35 binaries/produce.o
 .ARM.attributes
                0x0000000000002eba       0x25 binaries/ctxsw.o
 .ARM.attributes
                0x0000000000002edf       0x25 binaries/intr.o
 .ARM.attributes
                0x0000000000002f04       0x18 /usr/lib/gcc/arm-none-eabi/4.9.3/libgcc.a(_udivsi3.o)
 .ARM.attributes
                0x0000000000002f1c       0x18 /usr/lib/gcc/arm-none-eabi/4.9.3/libgcc.a(_divsi3.o)
 .ARM.attributes
                0x0000000000002f34       0x18 /usr/lib/gcc/arm-none-eabi/4.9.3/libgcc.a(_dvmd_tls.o)

.comment        0x0000000000000000       0x70
 .comment       0x0000000000000000       0x70 binaries/ascdate.o
                                         0x71 (size before relaxing)
 .comment       0x0000000000000000       0x71 binaries/bufinit.o
 .comment       0x0000000000000000       0x71 binaries/chprio.o
 .comment       0x0000000000000000       0x71 binaries/clkhandler.o
 .comment       0x0000000000000000       0x71 binaries/clkinit.o
 .comment       0x0000000000000000       0x71 binaries/close.o
 .comment       0x0000000000000000       0x71 binaries/conf.o
 .comment       0x0000000000000000       0x71 binaries/control.o
 .comment       0x0000000000000000       0x71 binaries/create.o
 .comment       0x0000000000000000       0x71 binaries/evec.o
 .comment       0x0000000000000000       0x71 binaries/exit.o
 .comment       0x0000000000000000       0x71 binaries/freebuf.o
 .comment       0x0000000000000000       0x71 binaries/freemem.o
 .comment       0x0000000000000000       0x71 binaries/future_alloc.o
 .comment       0x0000000000000000       0x71 binaries/future_free.o
 .comment       0x0000000000000000       0x71 binaries/future_get.o
 .comment       0x0000000000000000       0x71 binaries/future_set.o
 .comment       0x0000000000000000       0x71 binaries/getbuf.o
 .comment       0x0000000000000000       0x71 binaries/getc.o
 .comment       0x0000000000000000       0x71 binaries/getdev.o
 .comment       0x0000000000000000       0x71 binaries/getitem.o
 .comment       0x0000000000000000       0x71 binaries/getmem.o
 .comment       0x0000000000000000       0x71 binaries/getpid.o
 .comment       0x0000000000000000       0x71 binaries/getprio.o
 .comment       0x0000000000000000       0x71 binaries/getstk.o
 .comment       0x0000000000000000       0x71 binaries/gettime.o
 .comment       0x0000000000000000       0x71 binaries/getutime.o
 .comment       0x0000000000000000       0x71 binaries/init.o
 .comment       0x0000000000000000       0x71 binaries/initialize.o
 .comment       0x0000000000000000       0x71 binaries/insert.o
 .comment       0x0000000000000000       0x71 binaries/insertd.o
 .comment       0x0000000000000000       0x71 binaries/ioerr.o
 .comment       0x0000000000000000       0x71 binaries/ionull.o
 .comment       0x0000000000000000       0x71 binaries/kill.o
 .comment       0x0000000000000000       0x71 binaries/kprintf.o
 .comment       0x0000000000000000       0x71 binaries/main.o
 .comment       0x0000000000000000       0x71 binaries/mark.o
 .comment       0x0000000000000000       0x71 binaries/meminit.o
 .comment       0x0000000000000000       0x71 binaries/mkbufpool.o
 .comment       0x0000000000000000       0x71 binaries/newqueue.o
 .comment       0x0000000000000000       0x71 binaries/open.o
 .comment       0x0000000000000000       0x71 binaries/panic.o
 .comment       0x0000000000000000       0x71 binaries/platinit.o
 .comment       0x0000000000000000       0x71 binaries/ptclear.o
 .comment       0x0000000000000000       0x71 binaries/ptcount.o
 .comment       0x0000000000000000       0x71 binaries/ptcreate.o
 .comment       0x0000000000000000       0x71 binaries/ptdelete.o
 .comment       0x0000000000000000       0x71 binaries/ptinit.o
 .comment       0x0000000000000000       0x71 binaries/ptrecv.o
 .comment       0x0000000000000000       0x71 binaries/ptreset.o
 .comment       0x0000000000000000       0x71 binaries/ptsend.o
 .comment       0x0000000000000000       0x71 binaries/putc.o
 .comment       0x0000000000000000       0x71 binaries/queue.o
 .comment       0x0000000000000000       0x71 binaries/read.o
 .comment       0x0000000000000000       0x71 binaries/ready.o
 .comment       0x0000000000000000       0x71 binaries/receive.o
 .comment       0x0000000000000000       0x71 binaries/recvclr.o
 .comment       0x0000000000000000       0x71 binaries/recvtime.o
 .comment       0x0000000000000000       0x71 binaries/resched.o
 .comment       0x0000000000000000       0x71 binaries/resume.o
 .comment       0x0000000000000000       0x71 binaries/seek.o
 .comment       0x0000000000000000       0x71 binaries/semcount.o
 .comment       0x0000000000000000       0x71 binaries/semcreate.o
 .comment       0x0000000000000000       0x71 binaries/semdelete.o
 .comment       0x0000000000000000       0x71 binaries/semreset.o
 .comment       0x0000000000000000       0x71 binaries/send.o
 .comment       0x0000000000000000       0x71 binaries/signal.o
 .comment       0x0000000000000000       0x71 binaries/signaln.o
 .comment       0x0000000000000000       0x71 binaries/sleep.o
 .comment       0x0000000000000000       0x71 binaries/suspend.o
 .comment       0x0000000000000000       0x71 binaries/unsleep.o
 .comment       0x0000000000000000       0x71 binaries/userret.o
 .comment       0x0000000000000000       0x71 binaries/wait.o
 .comment       0x0000000000000000       0x71 binaries/wakeup.o
 .comment       0x0000000000000000       0x71 binaries/write.o
 .comment       0x0000000000000000       0x71 binaries/xdone.o
 .comment       0x0000000000000000       0x71 binaries/yield.o
 .comment       0x0000000000000000       0x71 binaries/abs.o
 .comment       0x0000000000000000       0x71 binaries/atoi.o
 .comment       0x0000000000000000       0x71 binaries/atol.o
 .comment       0x0000000000000000       0x71 binaries/bzero.o
 .comment       0x0000000000000000       0x71 binaries/ctype_.o
 .comment       0x0000000000000000       0x71 binaries/doprnt.o
 .comment       0x0000000000000000       0x71 binaries/doscan.o
 .comment       0x0000000000000000       0x71 binaries/fdoprnt.o
 .comment       0x0000000000000000       0x71 binaries/fgetc.o
 .comment       0x0000000000000000       0x71 binaries/fgets.o
 .comment       0x0000000000000000       0x71 binaries/fprintf.o
 .comment       0x0000000000000000       0x71 binaries/fputc.o
 .comment       0x0000000000000000       0x71 binaries/fputs.o
 .comment       0x0000000000000000       0x71 binaries/fscanf.o
 .comment       0x0000000000000000       0x71 binaries/getchar.o
 .comment       0x0000000000000000       0x71 binaries/labs.o
 .comment       0x0000000000000000       0x71 binaries/memchr.o
 .comment       0x0000000000000000       0x71 binaries/memcmp.o
 .comment       0x0000000000000000       0x71 binaries/memcpy.o
 .comment       0x0000000000000000       0x71 binaries/memset.o
 .comment       0x0000000000000000       0x71 binaries/printf.o
 .comment       0x0000000000000000       0x71 binaries/putchar.o
 .comment       0x0000000000000000       0x71 binaries/qsort.o
 .comment       0x0000000000000000       0x71 binaries/rand.o
 .comment       0x0000000000000000       0x71 binaries/sprintf.o
 .comment       0x0000000000000000       0x71 binaries/sscanf.o
 .comment       0x0000000000000000       0x71 binaries/strchr.o
 .comment       0x0000000000000000       0x71 binaries/strcmp.o
 .comment       0x0000000000000000       0x71 binaries/strcpy.o
 .comment       0x0000000000000000       0x71 binaries/strlen.o
 .comment       0x0000000000000000       0x71 binaries/strncat.o
 .comment       0x0000000000000000       0x71 binaries/strncmp.o
 .comment       0x0000000000000000       0x71 binaries/strncpy.o
 .comment       0x0000000000000000       0x71 binaries/strnlen.o
 .comment       0x0000000000000000       0x71 binaries/strrchr.o
 .comment       0x0000000000000000       0x71 binaries/strstr.o
 .comment       0x0000000000000000       0x71 binaries/ttycontrol.o
 .comment       0x0000000000000000       0x71 binaries/ttygetc.o
 .comment       0x0000000000000000       0x71 binaries/ttyhandle_in.o
 .comment       0x0000000000000000       0x71 binaries/ttyhandle_out.o
 .comment       0x0000000000000000       0x71 binaries/ttyhandler.o
 .comment       0x0000000000000000       0x71 binaries/ttyinit.o
 .comment       0x0000000000000000       0x71 binaries/ttykickout.o
 .comment       0x0000000000000000       0x71 binaries/ttyputc.o
 .comment       0x0000000000000000       0x71 binaries/ttyread.o
 .comment       0x0000000000000000       0x71 binaries/ttywrite.o
 .comment       0x0000000000000000       0x71 binaries/mount.o
 .comment       0x0000000000000000       0x71 binaries/naminit.o
 .comment       0x0000000000000000       0x71 binaries/nammap.o
 .comment       0x0000000000000000       0x71 binaries/namopen.o
 .comment       0x0000000000000000       0x71 binaries/colon2mac.o
 .comment       0x0000000000000000       0x71 binaries/ethcontrol.o
 .comment       0x0000000000000000       0x71 binaries/ethhandler.o
 .comment       0x0000000000000000       0x71 binaries/ethinit.o
 .comment       0x0000000000000000       0x71 binaries/ethread.o
 .comment       0x0000000000000000       0x71 binaries/ethwrite.o
 .comment       0x0000000000000000       0x71 binaries/rdsbufalloc.o
 .comment       0x0000000000000000       0x71 binaries/rdsclose.o
 .comment       0x0000000000000000       0x71 binaries/rdscomm.o
 .comment       0x0000000000000000       0x71 binaries/rdscontrol.o
 .comment       0x0000000000000000       0x71 binaries/rdsinit.o
 .comment       0x0000000000000000       0x71 binaries/rdsopen.o
 .comment       0x0000000000000000       0x71 binaries/rdsprocess.o
 .comment       0x0000000000000000       0x71 binaries/rdsread.o
 .comment       0x0000000000000000       0x71 binaries/rdswrite.o
 .comment       0x0000000000000000       0x71 binaries/ramclose.o
 .comment       0x0000000000000000       0x71 binaries/raminit.o
 .comment       0x0000000000000000       0x71 binaries/ramopen.o
 .comment       0x0000000000000000       0x71 binaries/ramread.o
 .comment       0x0000000000000000       0x71 binaries/ramwrite.o
 .comment       0x0000000000000000       0x71 binaries/lfdballoc.o
 .comment       0x0000000000000000       0x71 binaries/lfdbfree.o
 .comment       0x0000000000000000       0x71 binaries/lfflush.o
 .comment       0x0000000000000000       0x71 binaries/lfgetmode.o
 .comment       0x0000000000000000       0x71 binaries/lfiballoc.o
 .comment       0x0000000000000000       0x71 binaries/lfibclear.o
 .comment       0x0000000000000000       0x71 binaries/lfibget.o
 .comment       0x0000000000000000       0x71 binaries/lfibput.o
 .comment       0x0000000000000000       0x71 binaries/lflclose.o
 .comment       0x0000000000000000       0x71 binaries/lflcontrol.o
 .comment       0x0000000000000000       0x71 binaries/lflgetc.o
 .comment       0x0000000000000000       0x71 binaries/lflinit.o
 .comment       0x0000000000000000       0x71 binaries/lflputc.o
 .comment       0x0000000000000000       0x71 binaries/lflread.o
 .comment       0x0000000000000000       0x71 binaries/lflseek.o
 .comment       0x0000000000000000       0x71 binaries/lflwrite.o
 .comment       0x0000000000000000       0x71 binaries/lfsckfmt.o
 .comment       0x0000000000000000       0x71 binaries/lfscreate.o
 .comment       0x0000000000000000       0x71 binaries/lfsetup.o
 .comment       0x0000000000000000       0x71 binaries/lfsinit.o
 .comment       0x0000000000000000       0x71 binaries/lfsopen.o
 .comment       0x0000000000000000       0x71 binaries/lftruncate.o
 .comment       0x0000000000000000       0x71 binaries/rflclose.o
 .comment       0x0000000000000000       0x71 binaries/rflgetc.o
 .comment       0x0000000000000000       0x71 binaries/rflinit.o
 .comment       0x0000000000000000       0x71 binaries/rflputc.o
 .comment       0x0000000000000000       0x71 binaries/rflread.o
 .comment       0x0000000000000000       0x71 binaries/rflseek.o
 .comment       0x0000000000000000       0x71 binaries/rflwrite.o
 .comment       0x0000000000000000       0x71 binaries/rfscomm.o
 .comment       0x0000000000000000       0x71 binaries/rfscontrol.o
 .comment       0x0000000000000000       0x71 binaries/rfsgetmode.o
 .comment       0x0000000000000000       0x71 binaries/rfsinit.o
 .comment       0x0000000000000000       0x71 binaries/rfsndmsg.o
 .comment       0x0000000000000000       0x71 binaries/rfsopen.o
 .comment       0x0000000000000000       0x71 binaries/arp.o
 .comment       0x0000000000000000       0x71 binaries/dhcp.o
 .comment       0x0000000000000000       0x71 binaries/dns.o
 .comment       0x0000000000000000       0x71 binaries/dot2ip.o
 .comment       0x0000000000000000       0x71 binaries/hexdump.o
 .comment       0x0000000000000000       0x71 binaries/icmp.o
 .comment       0x0000000000000000       0x71 binaries/ip.o
 .comment       0x0000000000000000       0x71 binaries/net.o
 .comment       0x0000000000000000       0x71 binaries/netstart.o
 .comment       0x0000000000000000       0x71 binaries/pdump.o
 .comment       0x0000000000000000       0x71 binaries/tftp.o
 .comment       0x0000000000000000       0x71 binaries/udp.o
 .comment       0x0000000000000000       0x71 binaries/addargs.o
 .comment       0x0000000000000000       0x71 binaries/lexan.o
 .comment       0x0000000000000000       0x71 binaries/shell.o
 .comment       0x0000000000000000       0x71 binaries/xsh_argecho.o
 .comment       0x0000000000000000       0x71 binaries/xsh_arp.o
 .comment       0x0000000000000000       0x71 binaries/xsh_cat.o
 .comment       0x0000000000000000       0x71 binaries/xsh_clear.o
 .comment       0x0000000000000000       0x71 binaries/xsh_date.o
 .comment       0x0000000000000000       0x71 binaries/xsh_devdump.o
 .comment       0x0000000000000000       0x71 binaries/xsh_echo.o
 .comment       0x0000000000000000       0x71 binaries/xsh_exit.o
 .comment       0x0000000000000000       0x71 binaries/xsh_hello.o
 .comment       0x0000000000000000       0x71 binaries/xsh_help.o
 .comment       0x0000000000000000       0x71 binaries/xsh_ipaddr.o
 .comment       0x0000000000000000       0x71 binaries/xsh_kill.o
 .comment       0x0000000000000000       0x71 binaries/xsh_led.o
 .comment       0x0000000000000000       0x71 binaries/xsh_memdump.o
 .comment       0x0000000000000000       0x71 binaries/xsh_memstat.o
 .comment       0x0000000000000000       0x71 binaries/xsh_ping.o
 .comment       0x0000000000000000       0x71 binaries/xsh_prodcons.o
 .comment       0x0000000000000000       0x71 binaries/xsh_ps.o
 .comment       0x0000000000000000       0x71 binaries/xsh_reset.o
 .comment       0x0000000000000000       0x71 binaries/xsh_sleep.o
 .comment       0x0000000000000000       0x71 binaries/xsh_udpdump.o
 .comment       0x0000000000000000       0x71 binaries/xsh_udpecho.o
 .comment       0x0000000000000000       0x71 binaries/xsh_udpeserver.o
 .comment       0x0000000000000000       0x71 binaries/xsh_uptime.o
 .comment       0x0000000000000000       0x71 binaries/consume.o
 .comment       0x0000000000000000       0x71 binaries/future_cons.o
 .comment       0x0000000000000000       0x71 binaries/future_prod.o
 .comment       0x0000000000000000       0x71 binaries/produce.o

.debug_frame    0x0000000000000000       0x40
 .debug_frame   0x0000000000000000       0x20 /usr/lib/gcc/arm-none-eabi/4.9.3/libgcc.a(_udivsi3.o)
 .debug_frame   0x0000000000000020       0x20 /usr/lib/gcc/arm-none-eabi/4.9.3/libgcc.a(_divsi3.o)
